<!doctype html>
<html>
	<head>
		<title>Testing JSON</title>
	</head>
	<body>
		<h1>Testing JSON</h1>
		<ul>
			
			<li>apple</li>
			
			<li>banana</li>
			
			<li>cherry</li>
			
			<li>durian</li>
			
		</ul>
	</body>
</html>